AR konkatenator_wraper behavioral D:/fax/03_algarh/04_projekat-conditional-sum_adder/google_int_sab_v2/konkatenator_wraper.vhd sub00/vhpl04 1191665685
EN main NULL D:/fax/03_algarh/04_projekat-conditional-sum_adder/impl_v2/main.vhd sub00/vhpl00 1191533866
EN konkatenator_wraper NULL D:/fax/03_algarh/04_projekat-conditional-sum_adder/google_int_sab_v2/konkatenator_wraper.vhd sub00/vhpl03 1191665705
AR konkatenator behavioral D:/fax/03_algarh/04_projekat-conditional-sum_adder/google_int_sab_v2/konkatenator.vhd sub00/vhpl02 1191664399
EN konkatenator NULL D:/fax/03_algarh/04_projekat-conditional-sum_adder/google_int_sab_v2/konkatenator.vhd sub00/vhpl01 1191664398
