V3 6
FL D:/fax/03_algarh/04_projekat-conditional-sum_adder/google_int_sab_v2/konkatenator.vhd 2007/10/06.11:44:16 I.31
EN work/konkatenator 1191664398 \
      FL D:/fax/03_algarh/04_projekat-conditional-sum_adder/google_int_sab_v2/konkatenator.vhd \
      PB ieee/std_logic_1164 1147274808 PB ieee/std_logic_arith 1147274810 \
      PB ieee/STD_LOGIC_UNSIGNED 1147274814
AR work/konkatenator/Behavioral 1191664399 \
      FL D:/fax/03_algarh/04_projekat-conditional-sum_adder/google_int_sab_v2/konkatenator.vhd \
      EN work/konkatenator 1191664398
